KS_FULL_MANUSCRIPT_DATA_REQUIRED MatrixSpencer.KSEighthManuscriptPreprocess.epsilon
KS_FULL_MANUSCRIPT_DATA_REQUIRED MatrixSpencer.KSFullManuscriptAlgorithm.output
KS_FULL_MANUSCRIPT_DATA_REQUIRED MatrixSpencer.KSFullManuscriptController.numericalDirection
KS_FULL_MANUSCRIPT_DATA_REQUIRED MatrixSpencer.KSFullManuscriptHessian.matrixReport
KS_FULL_MANUSCRIPT_DATA_REQUIRED MatrixSpencer.KSFullManuscriptHessian.weighted
KS_FULL_MANUSCRIPT_DATA_REQUIRED MatrixSpencer.KSFullManuscriptDebitValue.stateReport
KS_FULL_MANUSCRIPT_DATA_REQUIRED MatrixSpencer.KSFullManuscriptValueOracle.report
KS_FULL_MANUSCRIPT_DATA_REQUIRED MatrixSpencer.KSFullManuscriptBisection.run
KS_FULL_MANUSCRIPT_DATA_REQUIRED MatrixSpencer.KSFullManuscriptEllipsoidRun.run
KS_FULL_MANUSCRIPT_DATA_REQUIRED MatrixSpencer.KSFullManuscriptPSDSeparation.report
KS_FULL_MANUSCRIPT_DATA_REQUIRED MatrixSpencer.KSJacobiIteration.run
KS_FULL_MANUSCRIPT_DATA_REQUIRED MatrixSpencer.KSJacobiRotation.cosine
KS_FULL_MANUSCRIPT_DATA_REQUIRED MatrixSpencer.KSDebitWalkRun.step
KS_FULL_MANUSCRIPT_DATA_REQUIRED MatrixSpencer.KSDebitMovement.proposal
KS_FULL_MANUSCRIPT_DATA_REQUIRED MatrixSpencer.KSFullManuscriptAcceptance.accepts
KS_FULL_MANUSCRIPT_DATA_REQUIRED MatrixSpencer.KSDebitWalkRetry.FiniteRetry.firstAccepted
KS_FULL_MANUSCRIPT_PROOF_REQUIRED MatrixSpencer.KSFullManuscriptValueOracle.report_accuracy
KS_FULL_MANUSCRIPT_PROOF_REQUIRED MatrixSpencer.KSFullManuscriptPSDSeparation.report_correct
KS_FULL_MANUSCRIPT_PROOF_REQUIRED MatrixSpencer.KSFullManuscriptDebitValue.stateReport_accuracy
KS_FULL_MANUSCRIPT_PROOF_REQUIRED MatrixSpencer.KSFullManuscriptTaylor.line_fourth_le
KS_FULL_MANUSCRIPT_PROOF_REQUIRED MatrixSpencer.KSFullManuscriptQueries.query_accuracy
KS_FULL_MANUSCRIPT_PROOF_REQUIRED MatrixSpencer.KSFullManuscriptRayleigh.liveDirection_hessian_le
KS_FULL_MANUSCRIPT_PROOF_REQUIRED MatrixSpencer.KSFullManuscriptDrift.localPotentialDrift
KS_FULL_MANUSCRIPT_PROOF_REQUIRED MatrixSpencer.KSDebitEntropyRun.cutoffProbability_from_zero_le
KS_FULL_MANUSCRIPT_PROOF_REQUIRED MatrixSpencer.KSFullManuscriptAcceptance.acceptanceProbability_from_zero_ge
KS_FULL_MANUSCRIPT_PROOF_REQUIRED MatrixSpencer.KSFullManuscriptAlgorithm.attempt_acceptance_ge
KS_FULL_MANUSCRIPT_PROOF_REQUIRED MatrixSpencer.KSDebitWalkRetry.FiniteRetry.failureProbability_eq_pow
KS_FULL_MANUSCRIPT_ROUTE_CHECKED 422 data declarations; 3396 project proof declarations
